// Jest Snapshot v1, https://goo.gl/fbAQLP

exports[`TabList renders tab buttons correctly, have expected arial attributes and able to use keyboard to navigate tabs 1`] = `
<div>
  <div
    aria-label="testTabList"
    aria-labelledby="testLedBy"
    data-testid="testTabList"
    role="tablist"
  >
    <button
      aria-controls="potatoTabPanel"
      aria-selected="true"
      data-testid="potato"
      id="potato"
      role="tab"
      tabindex="0"
      type="button"
    >
      Potato
    </button>
    <button
      aria-controls="noodleTabPanel"
      aria-selected="false"
      data-testid="noodle"
      id="noodle"
      role="tab"
      tabindex="-1"
      type="button"
    >
      Noodle
    </button>
  </div>
</div>
`;
